C:/Users/roman/STM32Cube/Repository/STM32Cube_FW_F4_V1.28.3/Drivers/CMSIS/Core/Include/core_cm4.h:1684:22:__NVIC_EnableIRQ	2
C:/Users/roman/STM32Cube/Repository/STM32Cube_FW_F4_V1.28.3/Drivers/CMSIS/Core/Include/core_cm4.h:1814:22:__NVIC_SetPriority	2
../Src/main.c:26:5:main	5
../Src/main.c:61:13:GPIOA_Init	1
../Src/main.c:69:13:GPIOD_Init	1
../Src/main.c:100:13:TIMx_Init	1
../Src/main.c:120:6:TIM2_IRQHandler	2
../Src/main.c:129:6:TIM3_IRQHandler	2
../Src/main.c:138:6:TIM4_IRQHandler	2
../Src/main.c:147:6:TIM5_IRQHandler	2
